mode: set
github.com/yufei/chaxin/internal/githubx/client.go:41.2,45.1 2 1
github.com/yufei/chaxin/internal/githubx/client.go:46.2,46.17 2 1
github.com/yufei/chaxin/internal/githubx/client.go:47.3,48.1 1 1
github.com/yufei/chaxin/internal/githubx/client.go:49.2,49.22 1 1
github.com/yufei/chaxin/internal/githubx/client.go:50.3,51.1 1 1
github.com/yufei/chaxin/internal/githubx/client.go:52.2,53.16 2 1
github.com/yufei/chaxin/internal/githubx/client.go:54.3,55.1 1 1
github.com/yufei/chaxin/internal/githubx/client.go:56.2,56.29 1 1
github.com/yufei/chaxin/internal/githubx/client.go:61.2,62.16 2 1
github.com/yufei/chaxin/internal/githubx/client.go:63.3,64.1 1 1
github.com/yufei/chaxin/internal/githubx/client.go:65.2,65.26 1 1
github.com/yufei/chaxin/internal/githubx/client.go:72.2,74.1 4 1
github.com/yufei/chaxin/internal/githubx/client.go:75.2,77.6 4 1
github.com/yufei/chaxin/internal/githubx/client.go:78.3,79.17 2 1
github.com/yufei/chaxin/internal/githubx/client.go:80.4,81.1 1 0
github.com/yufei/chaxin/internal/githubx/client.go:82.3,82.42 1 1
github.com/yufei/chaxin/internal/githubx/client.go:83.4,84.1 1 0
github.com/yufei/chaxin/internal/githubx/client.go:85.3,86.27 2 1
github.com/yufei/chaxin/internal/githubx/client.go:87.4,88.41 2 1
github.com/yufei/chaxin/internal/githubx/client.go:89.5,89.13 1 0
github.com/yufei/chaxin/internal/githubx/client.go:91.4,99.6 1 1
github.com/yufei/chaxin/internal/githubx/client.go:101.3,102.61 2 1
github.com/yufei/chaxin/internal/githubx/client.go:103.4,104.1 1 0
github.com/yufei/chaxin/internal/githubx/client.go:105.3,105.25 1 1
github.com/yufei/chaxin/internal/githubx/client.go:106.4,106.9 1 1
github.com/yufei/chaxin/internal/githubx/client.go:108.3,108.28 1 1
github.com/yufei/chaxin/internal/githubx/client.go:110.2,110.23 1 1
github.com/yufei/chaxin/internal/githubx/client.go:116.2,117.1 3 1
github.com/yufei/chaxin/internal/githubx/client.go:118.2,119.35 3 1
github.com/yufei/chaxin/internal/githubx/client.go:120.3,122.17 3 1
github.com/yufei/chaxin/internal/githubx/client.go:123.4,124.1 1 1
github.com/yufei/chaxin/internal/githubx/client.go:125.3,125.30 1 1
github.com/yufei/chaxin/internal/githubx/client.go:126.4,126.41 1 1
github.com/yufei/chaxin/internal/githubx/client.go:127.5,127.13 1 0
github.com/yufei/chaxin/internal/githubx/client.go:129.4,136.34 2 1
github.com/yufei/chaxin/internal/githubx/client.go:137.5,138.1 1 0
github.com/yufei/chaxin/internal/githubx/client.go:140.3,140.25 1 1
github.com/yufei/chaxin/internal/githubx/client.go:141.4,141.9 1 1
github.com/yufei/chaxin/internal/githubx/client.go:144.2,144.19 1 1
github.com/yufei/chaxin/internal/githubx/client.go:145.3,146.1 1 1
github.com/yufei/chaxin/internal/githubx/client.go:147.2,147.17 1 1
github.com/yufei/chaxin/internal/githubx/client.go:152.2,153.1 2 1
github.com/yufei/chaxin/internal/githubx/client.go:154.2,154.35 2 1
github.com/yufei/chaxin/internal/githubx/client.go:155.3,157.17 3 1
github.com/yufei/chaxin/internal/githubx/client.go:158.4,159.1 1 0
github.com/yufei/chaxin/internal/githubx/client.go:160.3,160.30 1 1
github.com/yufei/chaxin/internal/githubx/client.go:161.4,161.41 1 1
github.com/yufei/chaxin/internal/githubx/client.go:162.5,162.13 1 0
github.com/yufei/chaxin/internal/githubx/client.go:164.4,170.10 1 1
github.com/yufei/chaxin/internal/githubx/client.go:172.3,172.25 1 1
github.com/yufei/chaxin/internal/githubx/client.go:173.4,173.9 1 1
github.com/yufei/chaxin/internal/githubx/client.go:176.2,176.26 1 1
github.com/yufei/chaxin/internal/githubx/client.go:181.2,182.16 2 1
github.com/yufei/chaxin/internal/githubx/client.go:183.3,184.1 1 0
github.com/yufei/chaxin/internal/githubx/client.go:185.2,193.8 1 1
github.com/yufei/chaxin/internal/githubx/client.go:198.2,199.16 2 1
github.com/yufei/chaxin/internal/githubx/client.go:200.3,201.1 1 1
github.com/yufei/chaxin/internal/githubx/client.go:202.2,203.93 2 1
github.com/yufei/chaxin/internal/githubx/client.go:204.3,205.1 1 0
github.com/yufei/chaxin/internal/githubx/client.go:206.2,206.32 1 1
github.com/yufei/chaxin/internal/githubx/client.go:211.2,212.16 2 1
github.com/yufei/chaxin/internal/githubx/client.go:213.3,214.1 1 1
github.com/yufei/chaxin/internal/githubx/client.go:215.2,216.93 2 1
github.com/yufei/chaxin/internal/githubx/client.go:217.3,218.1 1 1
github.com/yufei/chaxin/internal/githubx/client.go:219.2,219.25 1 0
github.com/yufei/chaxin/internal/githubx/client.go:223.2,224.24 2 1
github.com/yufei/chaxin/internal/githubx/client.go:225.3,225.76 1 1
github.com/yufei/chaxin/internal/githubx/client.go:226.4,227.1 1 1
github.com/yufei/chaxin/internal/githubx/client.go:229.2,229.12 1 1
github.com/yufei/chaxin/cmd/server/main.go:20.2,22.1 6 0
github.com/yufei/chaxin/cmd/server/main.go:23.2,25.1 6 0
github.com/yufei/chaxin/cmd/server/main.go:26.2,27.16 6 0
github.com/yufei/chaxin/cmd/server/main.go:28.3,30.1 2 0
github.com/yufei/chaxin/cmd/server/main.go:31.2,32.1 2 0
github.com/yufei/chaxin/cmd/server/main.go:33.2,33.45 2 0
github.com/yufei/chaxin/cmd/server/main.go:34.3,36.1 2 0
github.com/yufei/chaxin/cmd/server/main.go:38.2,40.1 9 0
github.com/yufei/chaxin/cmd/server/main.go:41.2,45.1 9 0
github.com/yufei/chaxin/cmd/server/main.go:47.2,49.1 9 0
github.com/yufei/chaxin/cmd/server/main.go:50.2,51.1 9 0
github.com/yufei/chaxin/cmd/server/main.go:52.2,53.1 9 0
github.com/yufei/chaxin/cmd/server/main.go:54.2,55.12 9 0
github.com/yufei/chaxin/cmd/server/main.go:56.3,57.1 1 0
github.com/yufei/chaxin/cmd/server/main.go:59.2,59.9 1 0
github.com/yufei/chaxin/cmd/server/main.go:61.3,61.58 1 0
github.com/yufei/chaxin/cmd/server/main.go:62.4,64.1 2 0
github.com/yufei/chaxin/cmd/server/main.go:66.3,66.60 1 0
github.com/yufei/chaxin/cmd/server/main.go:69.2,71.54 3 0
github.com/yufei/chaxin/cmd/server/main.go:72.3,73.1 1 0
github.com/yufei/chaxin/cmd/server/main.go:77.2,77.28 1 1
github.com/yufei/chaxin/cmd/server/main.go:79.3,79.25 1 1
github.com/yufei/chaxin/cmd/server/main.go:81.3,81.24 1 1
github.com/yufei/chaxin/cmd/server/main.go:83.3,83.25 1 1
github.com/yufei/chaxin/cmd/server/main.go:85.3,85.24 1 1
github.com/yufei/chaxin/cmd/server/main.go:91.2,96.1 2 1
github.com/yufei/chaxin/cmd/server/main.go:97.2,97.68 2 1
github.com/yufei/chaxin/cmd/server/main.go:98.3,99.1 1 0
github.com/yufei/chaxin/cmd/server/main.go:100.2,100.66 1 1
github.com/yufei/chaxin/cmd/server/main.go:101.3,102.1 1 0
github.com/yufei/chaxin/cmd/server/main.go:103.2,103.29 1 1
github.com/yufei/chaxin/cmd/server/main.go:104.3,104.14 1 1
github.com/yufei/chaxin/cmd/server/main.go:105.4,105.12 1 1
github.com/yufei/chaxin/cmd/server/main.go:107.3,108.17 2 1
github.com/yufei/chaxin/cmd/server/main.go:109.4,110.1 1 0
github.com/yufei/chaxin/cmd/server/main.go:111.3,111.21 1 1
github.com/yufei/chaxin/cmd/server/main.go:112.4,112.46 1 1
github.com/yufei/chaxin/cmd/server/main.go:113.5,114.1 1 0
github.com/yufei/chaxin/cmd/server/main.go:117.2,117.12 1 1
github.com/yufei/chaxin/cmd/server/main.go:121.2,121.34 1 1
github.com/yufei/chaxin/cmd/server/main.go:122.3,123.1 1 1
github.com/yufei/chaxin/cmd/server/main.go:124.2,124.12 1 1
github.com/yufei/chaxin/internal/translate/clean.go:28.2,29.1 3 1
github.com/yufei/chaxin/internal/translate/clean.go:31.2,32.1 3 1
github.com/yufei/chaxin/internal/translate/clean.go:33.2,33.6 3 1
github.com/yufei/chaxin/internal/translate/clean.go:34.3,35.16 2 1
github.com/yufei/chaxin/internal/translate/clean.go:36.4,36.9 1 1
github.com/yufei/chaxin/internal/translate/clean.go:38.3,38.11 1 1
github.com/yufei/chaxin/internal/translate/clean.go:41.2,42.1 5 1
github.com/yufei/chaxin/internal/translate/clean.go:43.2,44.1 5 1
github.com/yufei/chaxin/internal/translate/clean.go:45.2,46.1 5 1
github.com/yufei/chaxin/internal/translate/clean.go:48.2,49.27 5 1
github.com/yufei/chaxin/internal/translate/clean.go:50.3,51.1 1 1
github.com/yufei/chaxin/internal/translate/clean.go:52.2,54.29 3 1
github.com/yufei/chaxin/internal/translate/detect.go:28.2,29.13 2 1
github.com/yufei/chaxin/internal/translate/detect.go:30.3,31.1 1 0
github.com/yufei/chaxin/internal/translate/detect.go:33.2,35.19 3 1
github.com/yufei/chaxin/internal/translate/detect.go:36.3,37.1 1 0
github.com/yufei/chaxin/internal/translate/detect.go:38.2,38.35 1 1
github.com/yufei/chaxin/internal/translate/detect.go:39.3,39.19 1 1
github.com/yufei/chaxin/internal/translate/detect.go:40.4,41.1 1 1
github.com/yufei/chaxin/internal/translate/detect.go:43.2,43.14 1 1
github.com/yufei/chaxin/internal/translate/detect.go:49.2,49.60 1 1
github.com/yufei/chaxin/internal/translate/detect.go:51.3,51.20 1 1
github.com/yufei/chaxin/internal/translate/detect.go:53.3,53.20 1 1
github.com/yufei/chaxin/internal/translate/detect.go:55.3,55.16 1 1
github.com/yufei/chaxin/internal/translate/detect.go:57.3,57.16 1 1
github.com/yufei/chaxin/internal/translate/detect.go:59.3,59.16 1 1
github.com/yufei/chaxin/internal/translate/detect.go:61.3,61.31 1 1
github.com/yufei/chaxin/internal/translate/detect.go:68.2,76.1 3 1
github.com/yufei/chaxin/internal/translate/detect.go:77.2,77.25 3 1
github.com/yufei/chaxin/internal/translate/detect.go:78.3,78.10 1 1
github.com/yufei/chaxin/internal/translate/detect.go:80.4,80.18 1 1
github.com/yufei/chaxin/internal/translate/detect.go:82.4,82.18 1 1
github.com/yufei/chaxin/internal/translate/detect.go:84.4,84.20 1 1
github.com/yufei/chaxin/internal/translate/detect.go:86.4,87.42 2 1
github.com/yufei/chaxin/internal/translate/detect.go:88.5,89.1 1 1
github.com/yufei/chaxin/internal/translate/detect.go:90.4,90.42 1 1
github.com/yufei/chaxin/internal/translate/detect.go:91.5,92.1 1 1
github.com/yufei/chaxin/internal/translate/detect.go:94.4,94.19 1 1
github.com/yufei/chaxin/internal/translate/detect.go:98.2,98.9 1 1
github.com/yufei/chaxin/internal/translate/detect.go:100.3,100.16 1 1
github.com/yufei/chaxin/internal/translate/detect.go:102.3,102.16 1 1
github.com/yufei/chaxin/internal/translate/detect.go:105.3,105.24 1 1
github.com/yufei/chaxin/internal/translate/detect.go:106.4,107.1 1 1
github.com/yufei/chaxin/internal/translate/detect.go:109.3,109.31 1 1
github.com/yufei/chaxin/internal/translate/detect.go:110.4,111.1 1 1
github.com/yufei/chaxin/internal/translate/detect.go:112.3,112.20 1 1
github.com/yufei/chaxin/internal/translate/detect.go:114.3,114.16 1 1
github.com/yufei/chaxin/internal/translate/detect.go:116.3,116.12 1 1
github.com/yufei/chaxin/internal/translate/prepare.go:25.2,26.16 2 1
github.com/yufei/chaxin/internal/translate/prepare.go:27.3,28.1 1 0
github.com/yufei/chaxin/internal/translate/prepare.go:30.2,31.1 7 1
github.com/yufei/chaxin/internal/translate/prepare.go:33.2,38.27 7 1
github.com/yufei/chaxin/internal/translate/prepare.go:39.3,41.14 3 1
github.com/yufei/chaxin/internal/translate/prepare.go:42.4,43.1 1 1
github.com/yufei/chaxin/internal/translate/prepare.go:44.3,44.63 1 1
github.com/yufei/chaxin/internal/translate/prepare.go:45.4,47.1 2 1
github.com/yufei/chaxin/internal/translate/prepare.go:52.2,53.18 2 1
github.com/yufei/chaxin/internal/translate/prepare.go:54.3,55.1 1 1
github.com/yufei/chaxin/internal/translate/prepare.go:56.2,57.19 2 1
github.com/yufei/chaxin/internal/translate/prepare.go:58.3,59.1 1 1
github.com/yufei/chaxin/internal/translate/prepare.go:60.2,60.68 1 1
github.com/yufei/chaxin/internal/translate/prepare.go:61.3,62.17 2 1
github.com/yufei/chaxin/internal/translate/prepare.go:63.4,64.1 1 0
github.com/yufei/chaxin/internal/translate/prepare.go:65.3,65.66 1 1
github.com/yufei/chaxin/internal/translate/prepare.go:69.2,69.45 1 1
github.com/yufei/chaxin/internal/translate/prepare.go:70.3,71.1 1 1
github.com/yufei/chaxin/internal/translate/prepare.go:72.2,73.16 2 1
github.com/yufei/chaxin/internal/translate/prepare.go:74.3,75.1 1 0
github.com/yufei/chaxin/internal/translate/prepare.go:76.2,76.56 1 1
github.com/yufei/chaxin/internal/translate/translate.go:33.2,33.37 1 1
github.com/yufei/chaxin/internal/translate/translate.go:35.3,35.38 1 1
github.com/yufei/chaxin/internal/translate/translate.go:37.3,37.39 1 0
github.com/yufei/chaxin/internal/translate/translate.go:39.3,39.41 1 1
github.com/yufei/chaxin/internal/translate/translate.go:41.3,41.41 1 0
github.com/yufei/chaxin/internal/translate/translate.go:43.3,43.41 1 1
github.com/yufei/chaxin/internal/translate/translate.go:45.3,45.30 1 1
github.com/yufei/chaxin/internal/translate/translate.go:51.2,51.29 1 1
github.com/yufei/chaxin/internal/translate/translate.go:53.3,53.24 1 1
github.com/yufei/chaxin/internal/translate/translate.go:55.3,55.24 1 1
github.com/yufei/chaxin/internal/translate/translate.go:57.3,57.18 1 1
github.com/yufei/chaxin/internal/translate/translate.go:59.3,59.18 1 1
github.com/yufei/chaxin/internal/translate/translate.go:61.3,61.18 1 1
github.com/yufei/chaxin/internal/translate/translate.go:63.3,63.14 1 1
github.com/yufei/chaxin/internal/translate/translate.go:69.2,69.29 1 1
github.com/yufei/chaxin/internal/translate/translate.go:71.3,71.19 1 1
github.com/yufei/chaxin/internal/translate/translate.go:73.3,73.14 1 1
github.com/yufei/chaxin/internal/translate/translate.go:75.3,75.14 1 1
github.com/yufei/chaxin/internal/translate/translate.go:77.3,77.14 1 1
github.com/yufei/chaxin/internal/translate/translate.go:79.3,79.14 1 1
github.com/yufei/chaxin/internal/translate/translate.go:81.3,81.31 1 1
github.com/yufei/chaxin/internal/translate/translate.go:87.2,87.29 1 1
github.com/yufei/chaxin/internal/translate/translate.go:89.3,89.19 1 1
github.com/yufei/chaxin/internal/translate/translate.go:91.3,91.19 1 1
github.com/yufei/chaxin/internal/translate/translate.go:93.3,93.14 1 1
github.com/yufei/chaxin/internal/translate/translate.go:95.3,95.14 1 1
github.com/yufei/chaxin/internal/translate/translate.go:97.3,97.14 1 1
github.com/yufei/chaxin/internal/translate/translate.go:99.3,99.14 1 1
github.com/yufei/chaxin/internal/translate/translate.go:105.2,105.29 1 1
github.com/yufei/chaxin/internal/translate/translate.go:107.3,107.17 1 1
github.com/yufei/chaxin/internal/translate/translate.go:109.3,109.17 1 1
github.com/yufei/chaxin/internal/translate/translate.go:111.3,111.14 1 1
github.com/yufei/chaxin/internal/translate/translate.go:113.3,113.14 1 1
github.com/yufei/chaxin/internal/translate/translate.go:115.3,115.14 1 1
github.com/yufei/chaxin/internal/translate/translate.go:117.3,117.14 1 1
github.com/yufei/chaxin/internal/translate/translate.go:123.2,123.29 1 1
github.com/yufei/chaxin/internal/translate/translate.go:125.3,125.18 1 1
github.com/yufei/chaxin/internal/translate/translate.go:127.3,127.18 1 1
github.com/yufei/chaxin/internal/translate/translate.go:129.3,129.14 1 1
github.com/yufei/chaxin/internal/translate/translate.go:131.3,131.14 1 1
github.com/yufei/chaxin/internal/translate/translate.go:133.3,133.14 1 1
github.com/yufei/chaxin/internal/translate/translate.go:135.3,135.31 1 1
github.com/yufei/chaxin/internal/translate/translate.go:141.2,142.16 2 1
github.com/yufei/chaxin/internal/translate/translate.go:143.3,144.1 1 0
github.com/yufei/chaxin/internal/translate/translate.go:145.2,151.16 3 1
github.com/yufei/chaxin/internal/translate/translate.go:152.3,153.1 1 0
github.com/yufei/chaxin/internal/translate/translate.go:154.2,155.1 3 1
github.com/yufei/chaxin/internal/translate/translate.go:156.2,159.1 3 1
github.com/yufei/chaxin/internal/translate/translate.go:160.2,160.64 3 1
github.com/yufei/chaxin/internal/translate/translate.go:161.3,162.1 1 0
github.com/yufei/chaxin/internal/translate/translate.go:163.2,163.67 1 1
github.com/yufei/chaxin/internal/translate/translate.go:164.3,165.1 1 1
github.com/yufei/chaxin/internal/translate/translate.go:166.2,166.39 1 1
github.com/yufei/chaxin/internal/translate/translate.go:167.3,168.1 1 1
github.com/yufei/chaxin/internal/translate/translate.go:169.2,169.22 1 1
github.com/yufei/chaxin/internal/translate/translate.go:174.2,176.1 2 0
github.com/yufei/chaxin/internal/translate/translate.go:180.2,183.16 4 1
github.com/yufei/chaxin/internal/translate/translate.go:184.3,185.1 1 0
github.com/yufei/chaxin/internal/translate/translate.go:186.2,187.1 2 1
github.com/yufei/chaxin/internal/translate/translate.go:188.2,188.38 2 1
github.com/yufei/chaxin/internal/translate/translate.go:189.3,190.1 1 0
github.com/yufei/chaxin/internal/translate/translate.go:191.2,195.1 2 1
github.com/yufei/chaxin/internal/translate/translate.go:196.2,196.64 2 1
github.com/yufei/chaxin/internal/translate/translate.go:197.3,198.1 1 0
github.com/yufei/chaxin/internal/translate/translate.go:199.2,199.108 1 1
github.com/yufei/chaxin/internal/translate/translate.go:200.3,201.1 1 0
github.com/yufei/chaxin/internal/translate/translate.go:202.2,202.41 1 1
github.com/yufei/chaxin/internal/translate/translate.go:208.2,209.20 2 1
github.com/yufei/chaxin/internal/translate/translate.go:210.3,211.1 1 0
github.com/yufei/chaxin/internal/translate/translate.go:212.2,212.58 1 1
github.com/yufei/chaxin/internal/translate/translate.go:218.2,219.51 2 1
github.com/yufei/chaxin/internal/translate/translate.go:220.3,221.1 1 1
github.com/yufei/chaxin/internal/translate/translate.go:222.2,222.38 1 1
github.com/yufei/chaxin/internal/translate/translate.go:223.3,224.1 1 0
github.com/yufei/chaxin/internal/translate/translate.go:225.2,231.1 4 1
github.com/yufei/chaxin/internal/translate/translate.go:232.2,234.16 4 1
github.com/yufei/chaxin/internal/translate/translate.go:235.3,236.1 1 0
github.com/yufei/chaxin/internal/translate/translate.go:237.2,238.1 2 1
github.com/yufei/chaxin/internal/translate/translate.go:239.2,239.38 2 1
github.com/yufei/chaxin/internal/translate/translate.go:240.3,241.1 1 1
github.com/yufei/chaxin/internal/translate/translate.go:242.2,243.64 2 1
github.com/yufei/chaxin/internal/translate/translate.go:244.3,245.1 1 0
github.com/yufei/chaxin/internal/translate/translate.go:246.2,249.22 4 1
github.com/yufei/chaxin/internal/translate/translate.go:250.3,251.1 1 1
github.com/yufei/chaxin/internal/translate/translate.go:252.2,252.24 1 1
github.com/yufei/chaxin/internal/translate/translate.go:257.2,258.9 2 1
github.com/yufei/chaxin/internal/translate/translate.go:259.3,260.1 1 1
github.com/yufei/chaxin/internal/translate/translate.go:261.2,261.28 1 1
github.com/yufei/chaxin/internal/translate/translate.go:262.3,262.50 1 1
github.com/yufei/chaxin/internal/translate/translate.go:263.4,263.36 1 1
github.com/yufei/chaxin/internal/translate/translate.go:264.5,265.13 2 1
github.com/yufei/chaxin/internal/translate/translate.go:268.3,268.37 1 1
github.com/yufei/chaxin/internal/translate/translate.go:278.2,280.1 2 0
github.com/yufei/chaxin/internal/translate/translate.go:285.2,287.28 3 1
github.com/yufei/chaxin/internal/translate/translate.go:288.3,289.17 2 1
github.com/yufei/chaxin/internal/translate/translate.go:290.4,291.1 1 1
github.com/yufei/chaxin/internal/translate/translate.go:292.3,292.19 1 1
github.com/yufei/chaxin/internal/translate/translate.go:294.2,294.39 1 1
github.com/yufei/chaxin/internal/translate/translate.go:299.2,303.1 4 1
github.com/yufei/chaxin/internal/translate/translate.go:304.2,306.16 4 1
github.com/yufei/chaxin/internal/translate/translate.go:307.3,308.1 1 0
github.com/yufei/chaxin/internal/translate/translate.go:309.2,311.16 3 1
github.com/yufei/chaxin/internal/translate/translate.go:312.3,313.1 1 0
github.com/yufei/chaxin/internal/translate/translate.go:314.2,315.1 3 1
github.com/yufei/chaxin/internal/translate/translate.go:316.2,319.1 3 1
github.com/yufei/chaxin/internal/translate/translate.go:320.2,320.64 3 1
github.com/yufei/chaxin/internal/translate/translate.go:321.3,322.1 1 0
github.com/yufei/chaxin/internal/translate/translate.go:323.2,323.62 1 1
github.com/yufei/chaxin/internal/translate/translate.go:324.3,325.1 1 1
github.com/yufei/chaxin/internal/translate/translate.go:326.2,326.78 1 1
github.com/yufei/chaxin/internal/translate/translate.go:327.3,328.1 1 0
github.com/yufei/chaxin/internal/translate/translate.go:329.2,329.32 1 1
github.com/yufei/chaxin/internal/translate/translate.go:335.2,338.18 4 1
github.com/yufei/chaxin/internal/translate/translate.go:339.3,339.19 1 1
github.com/yufei/chaxin/internal/translate/translate.go:340.4,342.1 2 1
github.com/yufei/chaxin/internal/translate/translate.go:344.2,344.27 1 1
github.com/yufei/chaxin/internal/translate/translate.go:345.3,346.22 2 1
github.com/yufei/chaxin/internal/translate/translate.go:347.4,348.25 2 1
github.com/yufei/chaxin/internal/translate/translate.go:349.5,350.1 1 1
github.com/yufei/chaxin/internal/translate/translate.go:351.4,351.17 1 1
github.com/yufei/chaxin/internal/translate/translate.go:352.5,353.13 2 0
github.com/yufei/chaxin/internal/translate/translate.go:355.4,357.23 3 1
github.com/yufei/chaxin/internal/translate/translate.go:358.5,359.1 1 1
github.com/yufei/chaxin/internal/translate/translate.go:362.2,363.22 2 1
github.com/yufei/chaxin/internal/translate/translate.go:364.3,365.1 1 1
github.com/yufei/chaxin/internal/translate/translate.go:366.2,366.15 1 1
github.com/yufei/chaxin/internal/translate/translate.go:371.2,372.16 2 1
github.com/yufei/chaxin/internal/translate/translate.go:373.3,374.1 1 1
github.com/yufei/chaxin/internal/translate/translate.go:375.2,376.17 2 1
github.com/yufei/chaxin/internal/translate/translate.go:377.3,378.1 1 1
github.com/yufei/chaxin/internal/translate/translate.go:379.2,382.1 4 1
github.com/yufei/chaxin/internal/translate/translate.go:383.2,392.16 4 1
github.com/yufei/chaxin/internal/translate/translate.go:393.3,394.1 1 0
github.com/yufei/chaxin/internal/translate/translate.go:395.2,396.22 2 1
github.com/yufei/chaxin/internal/translate/translate.go:397.3,398.1 1 1
github.com/yufei/chaxin/internal/translate/translate.go:399.2,400.16 2 1
github.com/yufei/chaxin/internal/translate/translate.go:401.3,402.1 1 0
github.com/yufei/chaxin/internal/translate/translate.go:403.2,405.16 3 1
github.com/yufei/chaxin/internal/translate/translate.go:406.3,407.1 1 0
github.com/yufei/chaxin/internal/translate/translate.go:408.2,408.38 1 1
github.com/yufei/chaxin/internal/translate/translate.go:409.3,410.1 1 1
github.com/yufei/chaxin/internal/translate/translate.go:411.2,417.1 2 1
github.com/yufei/chaxin/internal/translate/translate.go:418.2,418.51 2 1
github.com/yufei/chaxin/internal/translate/translate.go:419.3,420.1 1 0
github.com/yufei/chaxin/internal/translate/translate.go:421.2,421.86 1 1
github.com/yufei/chaxin/internal/translate/translate.go:422.3,423.1 1 0
github.com/yufei/chaxin/internal/translate/translate.go:424.2,424.63 1 1
github.com/yufei/chaxin/internal/translate/translate.go:428.2,429.16 2 1
github.com/yufei/chaxin/internal/translate/translate.go:430.3,431.1 1 0
github.com/yufei/chaxin/internal/translate/translate.go:432.2,433.27 2 1
github.com/yufei/chaxin/internal/translate/translate.go:437.2,438.17 2 1
github.com/yufei/chaxin/internal/translate/translate.go:439.3,440.1 1 1
github.com/yufei/chaxin/internal/translate/translate.go:441.2,441.30 1 1
github.com/yufei/chaxin/internal/notifier/notifier.go:19.2,19.15 1 1
github.com/yufei/chaxin/internal/notifier/notifier.go:20.3,21.1 1 1
github.com/yufei/chaxin/internal/notifier/notifier.go:22.2,23.16 2 1
github.com/yufei/chaxin/internal/notifier/notifier.go:24.3,25.1 1 1
github.com/yufei/chaxin/internal/notifier/notifier.go:26.2,26.49 1 1
github.com/yufei/chaxin/internal/notifier/notifier.go:31.2,31.14 1 1
github.com/yufei/chaxin/internal/notifier/notifier.go:32.3,33.1 1 1
github.com/yufei/chaxin/internal/notifier/notifier.go:34.2,34.14 1 1
github.com/yufei/chaxin/internal/notifier/notifier.go:39.2,39.33 1 1
github.com/yufei/chaxin/internal/notifier/notifier.go:40.3,41.1 1 1
github.com/yufei/chaxin/internal/notifier/notifier.go:42.2,43.16 2 1
github.com/yufei/chaxin/internal/notifier/notifier.go:44.3,45.1 1 0
github.com/yufei/chaxin/internal/notifier/notifier.go:46.2,48.19 3 1
github.com/yufei/chaxin/internal/notifier/notifier.go:49.3,50.1 1 1
github.com/yufei/chaxin/internal/notifier/notifier.go:51.2,51.12 1 0
github.com/yufei/chaxin/internal/store/notifications.go:23.2,29.1 2 1
github.com/yufei/chaxin/internal/store/notifications.go:39.2,40.16 2 1
github.com/yufei/chaxin/internal/store/notifications.go:41.3,42.1 1 1
github.com/yufei/chaxin/internal/store/notifications.go:43.2,45.19 3 1
github.com/yufei/chaxin/internal/store/notifications.go:46.3,49.1 3 1
github.com/yufei/chaxin/internal/store/notifications.go:50.2,50.20 1 1
github.com/yufei/chaxin/internal/store/notifications.go:51.3,53.1 2 1
github.com/yufei/chaxin/internal/store/notifications.go:54.2,57.20 2 1
github.com/yufei/chaxin/internal/store/notifications.go:58.3,59.1 1 1
github.com/yufei/chaxin/internal/store/notifications.go:60.2,62.1 4 1
github.com/yufei/chaxin/internal/store/notifications.go:63.2,64.16 4 1
github.com/yufei/chaxin/internal/store/notifications.go:65.3,66.1 1 0
github.com/yufei/chaxin/internal/store/notifications.go:67.2,68.1 3 1
github.com/yufei/chaxin/internal/store/notifications.go:69.2,70.18 3 1
github.com/yufei/chaxin/internal/store/notifications.go:71.3,74.97 3 1
github.com/yufei/chaxin/internal/store/notifications.go:75.4,76.1 1 0
github.com/yufei/chaxin/internal/store/notifications.go:77.3,79.23 3 1
github.com/yufei/chaxin/internal/store/notifications.go:81.2,81.24 1 1
github.com/yufei/chaxin/internal/store/notifications.go:85.2,88.1 3 1
github.com/yufei/chaxin/internal/store/notifications.go:92.2,94.1 2 1
github.com/yufei/chaxin/internal/store/notifications.go:98.2,98.15 1 1
github.com/yufei/chaxin/internal/store/notifications.go:99.3,100.1 1 1
github.com/yufei/chaxin/internal/store/notifications.go:101.2,103.16 2 1
github.com/yufei/chaxin/internal/store/notifications.go:104.3,105.1 1 0
github.com/yufei/chaxin/internal/store/notifications.go:106.2,106.27 1 1
github.com/yufei/chaxin/internal/store/platforms.go:23.2,26.26 3 1
github.com/yufei/chaxin/internal/store/platforms.go:27.3,28.1 1 1
github.com/yufei/chaxin/internal/store/platforms.go:29.2,29.16 1 1
github.com/yufei/chaxin/internal/store/platforms.go:30.3,31.1 1 0
github.com/yufei/chaxin/internal/store/platforms.go:32.2,32.23 1 1
github.com/yufei/chaxin/internal/store/platforms.go:37.2,38.26 2 1
github.com/yufei/chaxin/internal/store/platforms.go:39.3,40.1 1 1
github.com/yufei/chaxin/internal/store/platforms.go:41.2,46.12 2 1
github.com/yufei/chaxin/internal/store/platforms.go:51.2,53.26 3 1
github.com/yufei/chaxin/internal/store/platforms.go:54.3,55.1 1 1
github.com/yufei/chaxin/internal/store/platforms.go:56.2,56.24 1 1
github.com/yufei/chaxin/internal/store/platforms.go:61.2,63.1 2 1
github.com/yufei/chaxin/internal/store/repos.go:57.2,61.16 2 1
github.com/yufei/chaxin/internal/store/repos.go:62.3,63.1 1 0
github.com/yufei/chaxin/internal/store/repos.go:64.2,65.16 2 1
github.com/yufei/chaxin/internal/store/repos.go:66.3,67.1 1 0
github.com/yufei/chaxin/internal/store/repos.go:68.2,68.12 1 1
github.com/yufei/chaxin/internal/store/repos.go:69.3,70.1 1 1
github.com/yufei/chaxin/internal/store/repos.go:73.2,80.16 2 1
github.com/yufei/chaxin/internal/store/repos.go:81.3,82.1 1 0
github.com/yufei/chaxin/internal/store/repos.go:83.2,84.16 2 1
github.com/yufei/chaxin/internal/store/repos.go:85.3,86.1 1 0
github.com/yufei/chaxin/internal/store/repos.go:87.2,87.12 1 1
github.com/yufei/chaxin/internal/store/repos.go:88.3,89.1 1 1
github.com/yufei/chaxin/internal/store/repos.go:90.2,90.27 1 1
github.com/yufei/chaxin/internal/store/repos.go:94.2,96.26 3 1
github.com/yufei/chaxin/internal/store/repos.go:97.3,98.1 1 1
github.com/yufei/chaxin/internal/store/repos.go:99.2,99.24 1 1
github.com/yufei/chaxin/internal/store/repos.go:105.2,109.1 2 1
github.com/yufei/chaxin/internal/store/repos.go:115.2,116.16 2 1
github.com/yufei/chaxin/internal/store/repos.go:117.3,118.1 1 0
github.com/yufei/chaxin/internal/store/repos.go:119.2,120.1 3 1
github.com/yufei/chaxin/internal/store/repos.go:121.2,122.18 3 1
github.com/yufei/chaxin/internal/store/repos.go:123.3,126.69 4 1
github.com/yufei/chaxin/internal/store/repos.go:127.4,128.1 1 0
github.com/yufei/chaxin/internal/store/repos.go:129.3,129.34 1 1
github.com/yufei/chaxin/internal/store/repos.go:130.4,130.12 1 1
github.com/yufei/chaxin/internal/store/repos.go:132.3,132.44 1 1
github.com/yufei/chaxin/internal/store/repos.go:133.4,133.12 1 1
github.com/yufei/chaxin/internal/store/repos.go:135.3,135.24 1 1
github.com/yufei/chaxin/internal/store/repos.go:137.2,137.35 1 1
github.com/yufei/chaxin/internal/store/repos.go:138.3,139.1 1 0
github.com/yufei/chaxin/internal/store/repos.go:140.2,140.19 1 1
github.com/yufei/chaxin/internal/store/repos.go:141.3,142.1 1 1
github.com/yufei/chaxin/internal/store/repos.go:143.2,145.25 3 1
github.com/yufei/chaxin/internal/store/repos.go:146.3,148.1 2 1
github.com/yufei/chaxin/internal/store/repos.go:149.2,150.16 2 1
github.com/yufei/chaxin/internal/store/repos.go:151.3,152.1 1 0
github.com/yufei/chaxin/internal/store/repos.go:153.2,153.25 1 1
github.com/yufei/chaxin/internal/store/repos.go:154.3,154.90 1 1
github.com/yufei/chaxin/internal/store/repos.go:155.4,156.1 1 0
github.com/yufei/chaxin/internal/store/repos.go:158.2,158.27 1 1
github.com/yufei/chaxin/internal/store/repos.go:162.2,167.1 1 1
github.com/yufei/chaxin/internal/store/repos.go:170.2,172.19 3 1
github.com/yufei/chaxin/internal/store/repos.go:173.3,176.1 3 1
github.com/yufei/chaxin/internal/store/repos.go:177.2,177.22 1 1
github.com/yufei/chaxin/internal/store/repos.go:178.3,180.1 2 1
github.com/yufei/chaxin/internal/store/repos.go:181.2,181.24 1 1
github.com/yufei/chaxin/internal/store/repos.go:182.3,182.19 1 1
github.com/yufei/chaxin/internal/store/repos.go:183.4,184.1 1 1
github.com/yufei/chaxin/internal/store/repos.go:185.4,186.1 1 0
github.com/yufei/chaxin/internal/store/repos.go:188.2,192.20 2 1
github.com/yufei/chaxin/internal/store/repos.go:193.3,194.1 1 1
github.com/yufei/chaxin/internal/store/repos.go:195.2,196.1 3 1
github.com/yufei/chaxin/internal/store/repos.go:197.2,198.16 3 1
github.com/yufei/chaxin/internal/store/repos.go:199.3,200.1 1 0
github.com/yufei/chaxin/internal/store/repos.go:201.2,202.1 3 1
github.com/yufei/chaxin/internal/store/repos.go:203.2,204.18 3 1
github.com/yufei/chaxin/internal/store/repos.go:205.3,206.17 2 1
github.com/yufei/chaxin/internal/store/repos.go:207.4,208.1 1 0
github.com/yufei/chaxin/internal/store/repos.go:209.3,209.27 1 1
github.com/yufei/chaxin/internal/store/repos.go:211.2,211.26 1 1
github.com/yufei/chaxin/internal/store/repos.go:215.2,220.16 2 1
github.com/yufei/chaxin/internal/store/repos.go:221.3,222.1 1 0
github.com/yufei/chaxin/internal/store/repos.go:223.2,224.1 3 1
github.com/yufei/chaxin/internal/store/repos.go:225.2,226.18 3 1
github.com/yufei/chaxin/internal/store/repos.go:227.3,228.17 2 1
github.com/yufei/chaxin/internal/store/repos.go:229.4,230.1 1 0
github.com/yufei/chaxin/internal/store/repos.go:231.3,231.27 1 1
github.com/yufei/chaxin/internal/store/repos.go:233.2,233.26 1 1
github.com/yufei/chaxin/internal/store/repos.go:237.2,239.1 2 1
github.com/yufei/chaxin/internal/store/repos.go:242.2,244.1 2 1
github.com/yufei/chaxin/internal/store/repos.go:248.2,248.19 1 1
github.com/yufei/chaxin/internal/store/repos.go:249.3,250.1 1 1
github.com/yufei/chaxin/internal/store/repos.go:251.2,254.25 4 1
github.com/yufei/chaxin/internal/store/repos.go:255.3,257.1 2 1
github.com/yufei/chaxin/internal/store/repos.go:258.2,260.16 2 1
github.com/yufei/chaxin/internal/store/repos.go:261.3,262.1 1 0
github.com/yufei/chaxin/internal/store/repos.go:263.2,263.27 1 1
github.com/yufei/chaxin/internal/store/repos.go:267.2,269.1 2 1
github.com/yufei/chaxin/internal/store/repos.go:273.2,274.18 2 1
github.com/yufei/chaxin/internal/store/repos.go:275.3,276.1 1 1
github.com/yufei/chaxin/internal/store/repos.go:277.2,279.12 2 1
github.com/yufei/chaxin/internal/store/repos.go:283.2,285.1 2 1
github.com/yufei/chaxin/internal/store/repos.go:288.2,289.16 2 1
github.com/yufei/chaxin/internal/store/repos.go:290.3,291.1 1 0
github.com/yufei/chaxin/internal/store/repos.go:292.2,293.87 2 1
github.com/yufei/chaxin/internal/store/repos.go:294.3,295.1 1 0
github.com/yufei/chaxin/internal/store/repos.go:296.2,296.73 1 1
github.com/yufei/chaxin/internal/store/repos.go:297.3,298.1 1 0
github.com/yufei/chaxin/internal/store/repos.go:299.2,299.20 1 1
github.com/yufei/chaxin/internal/store/repos.go:304.2,305.16 2 1
github.com/yufei/chaxin/internal/store/repos.go:306.3,307.1 1 0
github.com/yufei/chaxin/internal/store/repos.go:308.2,309.1 3 1
github.com/yufei/chaxin/internal/store/repos.go:310.2,318.1 3 1
github.com/yufei/chaxin/internal/store/repos.go:319.2,319.26 3 1
github.com/yufei/chaxin/internal/store/repos.go:320.3,321.78 1 1
github.com/yufei/chaxin/internal/store/repos.go:322.4,323.1 1 0
github.com/yufei/chaxin/internal/store/repos.go:325.2,325.56 1 1
github.com/yufei/chaxin/internal/store/repos.go:326.3,327.1 1 0
github.com/yufei/chaxin/internal/store/repos.go:328.2,328.65 1 1
github.com/yufei/chaxin/internal/store/repos.go:329.3,330.1 1 0
github.com/yufei/chaxin/internal/store/repos.go:331.2,331.26 1 1
github.com/yufei/chaxin/internal/store/repos.go:332.3,333.53 2 1
github.com/yufei/chaxin/internal/store/repos.go:334.4,335.1 1 1
github.com/yufei/chaxin/internal/store/repos.go:336.3,342.101 2 1
github.com/yufei/chaxin/internal/store/repos.go:343.4,344.1 1 0
github.com/yufei/chaxin/internal/store/repos.go:346.2,346.20 1 1
github.com/yufei/chaxin/internal/store/repos.go:350.2,353.1 3 1
github.com/yufei/chaxin/internal/store/repos.go:356.2,359.1 3 1
github.com/yufei/chaxin/internal/store/repos.go:366.2,374.16 7 1
github.com/yufei/chaxin/internal/store/repos.go:375.3,376.1 1 1
github.com/yufei/chaxin/internal/store/repos.go:377.2,381.15 5 1
github.com/yufei/chaxin/internal/store/repos.go:385.2,385.13 1 1
github.com/yufei/chaxin/internal/store/repos.go:386.3,387.1 1 1
github.com/yufei/chaxin/internal/store/repos.go:388.2,388.64 1 1
github.com/yufei/chaxin/internal/store/repos.go:389.3,390.1 1 1
github.com/yufei/chaxin/internal/store/repos.go:391.2,391.55 1 1
github.com/yufei/chaxin/internal/store/repos.go:392.3,393.1 1 1
github.com/yufei/chaxin/internal/store/repos.go:394.2,394.20 1 1
github.com/yufei/chaxin/internal/store/repos.go:398.2,398.7 1 1
github.com/yufei/chaxin/internal/store/repos.go:399.3,400.1 1 1
github.com/yufei/chaxin/internal/store/repos.go:401.2,401.10 1 1
github.com/yufei/chaxin/internal/store/repos.go:405.2,406.1 1 1
github.com/yufei/chaxin/internal/store/settings.go:39.2,40.16 2 1
github.com/yufei/chaxin/internal/store/settings.go:41.3,42.1 1 0
github.com/yufei/chaxin/internal/store/settings.go:43.2,44.1 3 1
github.com/yufei/chaxin/internal/store/settings.go:45.2,46.18 3 1
github.com/yufei/chaxin/internal/store/settings.go:47.3,48.43 2 1
github.com/yufei/chaxin/internal/store/settings.go:49.4,50.1 1 0
github.com/yufei/chaxin/internal/store/settings.go:51.3,51.13 1 1
github.com/yufei/chaxin/internal/store/settings.go:53.2,53.35 1 1
github.com/yufei/chaxin/internal/store/settings.go:54.3,55.1 1 0
github.com/yufei/chaxin/internal/store/settings.go:57.2,58.14 2 1
github.com/yufei/chaxin/internal/store/settings.go:59.3,60.1 1 0
github.com/yufei/chaxin/internal/store/settings.go:61.2,74.8 1 1
github.com/yufei/chaxin/internal/store/settings.go:78.2,80.26 3 1
github.com/yufei/chaxin/internal/store/settings.go:81.3,82.1 1 1
github.com/yufei/chaxin/internal/store/settings.go:83.2,83.15 1 1
github.com/yufei/chaxin/internal/store/settings.go:87.2,90.1 2 1
github.com/yufei/chaxin/internal/store/settings.go:93.2,94.16 2 1
github.com/yufei/chaxin/internal/store/settings.go:95.3,96.1 1 0
github.com/yufei/chaxin/internal/store/settings.go:97.2,98.1 3 1
github.com/yufei/chaxin/internal/store/settings.go:99.2,112.1 3 1
github.com/yufei/chaxin/internal/store/settings.go:113.2,113.26 3 1
github.com/yufei/chaxin/internal/store/settings.go:114.3,115.78 1 1
github.com/yufei/chaxin/internal/store/settings.go:116.4,117.1 1 0
github.com/yufei/chaxin/internal/store/settings.go:119.2,119.20 1 1
github.com/yufei/chaxin/internal/store/settings.go:123.2,123.7 1 1
github.com/yufei/chaxin/internal/store/settings.go:124.3,125.1 1 1
github.com/yufei/chaxin/internal/store/settings.go:126.2,126.12 1 1
github.com/yufei/chaxin/internal/store/store.go:17.2,17.43 1 1
github.com/yufei/chaxin/internal/store/store.go:18.3,19.1 1 0
github.com/yufei/chaxin/internal/store/store.go:20.2,23.16 3 1
github.com/yufei/chaxin/internal/store/store.go:24.3,25.1 1 0
github.com/yufei/chaxin/internal/store/store.go:26.2,27.34 2 1
github.com/yufei/chaxin/internal/store/store.go:28.3,29.1 1 0
github.com/yufei/chaxin/internal/store/store.go:30.2,31.36 2 1
github.com/yufei/chaxin/internal/store/store.go:32.3,33.1 1 0
github.com/yufei/chaxin/internal/store/store.go:34.2,34.15 1 1
github.com/yufei/chaxin/internal/store/store.go:38.2,39.1 1 1
github.com/yufei/chaxin/internal/store/store.go:42.2,75.1 2 1
github.com/yufei/chaxin/internal/store/store.go:76.2,76.29 2 1
github.com/yufei/chaxin/internal/store/store.go:77.3,77.44 1 1
github.com/yufei/chaxin/internal/store/store.go:78.4,79.1 1 0
github.com/yufei/chaxin/internal/store/store.go:82.2,82.84 1 1
github.com/yufei/chaxin/internal/store/store.go:83.3,84.1 1 0
github.com/yufei/chaxin/internal/store/store.go:85.2,85.95 1 1
github.com/yufei/chaxin/internal/store/store.go:86.3,87.1 1 0
github.com/yufei/chaxin/internal/store/store.go:88.2,88.96 1 1
github.com/yufei/chaxin/internal/store/store.go:89.3,90.1 1 0
github.com/yufei/chaxin/internal/store/store.go:93.2,93.92 1 1
github.com/yufei/chaxin/internal/store/store.go:94.3,95.1 1 0
github.com/yufei/chaxin/internal/store/store.go:96.2,96.98 1 1
github.com/yufei/chaxin/internal/store/store.go:97.3,98.1 1 0
github.com/yufei/chaxin/internal/store/store.go:99.2,99.74 1 1
github.com/yufei/chaxin/internal/store/store.go:100.3,101.1 1 0
github.com/yufei/chaxin/internal/store/store.go:102.2,102.82 1 1
github.com/yufei/chaxin/internal/store/store.go:103.3,104.1 1 0
github.com/yufei/chaxin/internal/store/store.go:105.2,105.83 1 1
github.com/yufei/chaxin/internal/store/store.go:106.3,107.1 1 0
github.com/yufei/chaxin/internal/store/store.go:108.2,108.85 1 1
github.com/yufei/chaxin/internal/store/store.go:109.3,110.1 1 0
github.com/yufei/chaxin/internal/store/store.go:113.2,115.75 1 1
github.com/yufei/chaxin/internal/store/store.go:116.3,117.1 1 0
github.com/yufei/chaxin/internal/store/store.go:118.2,118.12 1 1
github.com/yufei/chaxin/internal/store/store.go:123.2,124.16 2 1
github.com/yufei/chaxin/internal/store/store.go:125.3,126.1 1 0
github.com/yufei/chaxin/internal/store/store.go:127.2,128.1 2 1
github.com/yufei/chaxin/internal/store/store.go:129.2,129.18 2 1
github.com/yufei/chaxin/internal/store/store.go:130.3,134.78 5 1
github.com/yufei/chaxin/internal/store/store.go:135.4,136.1 1 0
github.com/yufei/chaxin/internal/store/store.go:137.3,137.21 1 1
github.com/yufei/chaxin/internal/store/store.go:138.4,139.1 1 1
github.com/yufei/chaxin/internal/store/store.go:141.2,141.35 1 1
github.com/yufei/chaxin/internal/store/store.go:142.3,143.1 1 0
github.com/yufei/chaxin/internal/store/store.go:144.2,145.12 2 1
github.com/yufei/chaxin/internal/store/store.go:149.2,150.1 1 1
github.com/yufei/chaxin/internal/monitor/monitor.go:32.2,33.1 1 1
github.com/yufei/chaxin/internal/monitor/monitor.go:37.2,38.6 2 1
github.com/yufei/chaxin/internal/monitor/monitor.go:39.3,42.10 4 1
github.com/yufei/chaxin/internal/monitor/monitor.go:44.4,44.10 1 1
github.com/yufei/chaxin/internal/monitor/monitor.go:45.31,45.31 0 0
github.com/yufei/chaxin/internal/monitor/monitor.go:52.2,55.1 3 1
github.com/yufei/chaxin/internal/monitor/monitor.go:58.2,59.16 2 1
github.com/yufei/chaxin/internal/monitor/monitor.go:60.3,62.1 2 0
github.com/yufei/chaxin/internal/monitor/monitor.go:63.2,63.32 1 1
github.com/yufei/chaxin/internal/monitor/monitor.go:64.3,66.1 2 1
github.com/yufei/chaxin/internal/monitor/monitor.go:68.2,69.16 2 1
github.com/yufei/chaxin/internal/monitor/monitor.go:70.3,72.1 2 0
github.com/yufei/chaxin/internal/monitor/monitor.go:73.2,74.16 2 1
github.com/yufei/chaxin/internal/monitor/monitor.go:75.3,77.1 2 1
github.com/yufei/chaxin/internal/monitor/monitor.go:79.2,80.16 2 1
github.com/yufei/chaxin/internal/monitor/monitor.go:81.3,83.1 2 0
github.com/yufei/chaxin/internal/monitor/monitor.go:84.2,84.21 1 1
github.com/yufei/chaxin/internal/monitor/monitor.go:85.3,86.1 1 1
github.com/yufei/chaxin/internal/monitor/monitor.go:89.2,89.15 1 1
github.com/yufei/chaxin/internal/monitor/monitor.go:90.3,90.88 1 1
github.com/yufei/chaxin/internal/monitor/monitor.go:91.4,92.1 1 0
github.com/yufei/chaxin/internal/monitor/monitor.go:92.10,92.25 1 1
github.com/yufei/chaxin/internal/monitor/monitor.go:93.4,94.1 1 0
github.com/yufei/chaxin/internal/monitor/monitor.go:97.2,99.1 5 1
github.com/yufei/chaxin/internal/monitor/monitor.go:101.2,103.1 5 1
github.com/yufei/chaxin/internal/monitor/monitor.go:104.2,104.41 5 1
github.com/yufei/chaxin/internal/monitor/monitor.go:105.3,106.1 1 0
github.com/yufei/chaxin/internal/monitor/monitor.go:107.2,109.1 4 1
github.com/yufei/chaxin/internal/monitor/monitor.go:110.2,111.29 4 1
github.com/yufei/chaxin/internal/monitor/monitor.go:112.3,112.10 1 1
github.com/yufei/chaxin/internal/monitor/monitor.go:114.4,114.20 1 1
github.com/yufei/chaxin/internal/monitor/monitor.go:115.19,115.19 0 0
github.com/yufei/chaxin/internal/monitor/monitor.go:118.3,118.73 1 0
github.com/yufei/chaxin/internal/monitor/monitor.go:119.4,119.24 1 0
github.com/yufei/chaxin/internal/monitor/monitor.go:120.5,122.1 2 0
github.com/yufei/chaxin/internal/monitor/monitor.go:123.4,123.17 1 0
github.com/yufei/chaxin/internal/monitor/monitor.go:126.3,126.20 1 0
github.com/yufei/chaxin/internal/monitor/monitor.go:127.4,128.1 1 0
github.com/yufei/chaxin/internal/monitor/monitor.go:130.2,130.16 1 0
github.com/yufei/chaxin/internal/monitor/monitor.go:135.2,137.1 2 1
github.com/yufei/chaxin/internal/monitor/monitor.go:141.2,141.19 1 1
github.com/yufei/chaxin/internal/monitor/monitor.go:142.3,143.1 1 1
github.com/yufei/chaxin/internal/monitor/monitor.go:144.2,144.41 1 1
github.com/yufei/chaxin/internal/monitor/monitor.go:148.2,149.16 2 1
github.com/yufei/chaxin/internal/monitor/monitor.go:150.3,150.43 1 1
github.com/yufei/chaxin/internal/monitor/monitor.go:151.4,153.1 2 1
github.com/yufei/chaxin/internal/monitor/monitor.go:154.3,154.23 1 0
github.com/yufei/chaxin/internal/monitor/monitor.go:155.4,156.1 1 0
github.com/yufei/chaxin/internal/monitor/monitor.go:157.3,158.13 2 0
github.com/yufei/chaxin/internal/monitor/monitor.go:162.2,163.31 2 1
github.com/yufei/chaxin/internal/monitor/monitor.go:164.3,164.24 1 1
github.com/yufei/chaxin/internal/monitor/monitor.go:165.4,165.12 1 0
github.com/yufei/chaxin/internal/monitor/monitor.go:167.3,168.29 2 1
github.com/yufei/chaxin/internal/monitor/monitor.go:170.2,170.21 1 1
github.com/yufei/chaxin/internal/monitor/monitor.go:171.3,173.1 2 0
github.com/yufei/chaxin/internal/monitor/monitor.go:174.2,175.1 2 1
github.com/yufei/chaxin/internal/monitor/monitor.go:177.2,177.123 2 1
github.com/yufei/chaxin/internal/monitor/monitor.go:178.3,179.1 1 0
github.com/yufei/chaxin/internal/monitor/monitor.go:180.2,180.73 1 1
github.com/yufei/chaxin/internal/monitor/monitor.go:181.3,182.1 1 0
github.com/yufei/chaxin/internal/monitor/monitor.go:185.2,185.90 1 1
github.com/yufei/chaxin/internal/monitor/monitor.go:186.3,187.1 1 0
github.com/yufei/chaxin/internal/monitor/monitor.go:187.9,187.20 1 1
github.com/yufei/chaxin/internal/monitor/monitor.go:188.3,191.1 3 1
github.com/yufei/chaxin/internal/monitor/monitor.go:194.2,195.28 2 1
github.com/yufei/chaxin/internal/monitor/monitor.go:196.3,197.17 2 1
github.com/yufei/chaxin/internal/monitor/monitor.go:198.4,198.12 1 0
github.com/yufei/chaxin/internal/monitor/monitor.go:200.3,201.1 3 1
github.com/yufei/chaxin/internal/monitor/monitor.go:202.3,203.17 3 1
github.com/yufei/chaxin/internal/monitor/monitor.go:204.4,205.12 2 0
github.com/yufei/chaxin/internal/monitor/monitor.go:207.3,207.13 1 1
github.com/yufei/chaxin/internal/monitor/monitor.go:209.4,210.60 2 1
github.com/yufei/chaxin/internal/monitor/monitor.go:211.5,212.1 1 1
github.com/yufei/chaxin/internal/monitor/monitor.go:213.4,213.91 1 1
github.com/yufei/chaxin/internal/monitor/monitor.go:214.5,215.1 1 0
github.com/yufei/chaxin/internal/monitor/monitor.go:216.4,217.12 2 1
github.com/yufei/chaxin/internal/monitor/monitor.go:219.3,219.26 1 1
github.com/yufei/chaxin/internal/monitor/monitor.go:220.4,220.12 1 1
github.com/yufei/chaxin/internal/monitor/monitor.go:224.3,224.19 1 1
github.com/yufei/chaxin/internal/monitor/monitor.go:225.4,226.1 1 1
github.com/yufei/chaxin/internal/monitor/monitor.go:227.3,227.90 1 1
github.com/yufei/chaxin/internal/monitor/monitor.go:228.4,229.1 1 0
github.com/yufei/chaxin/internal/monitor/monitor.go:230.3,230.109 1 1
github.com/yufei/chaxin/internal/monitor/monitor.go:232.2,233.12 2 1
github.com/yufei/chaxin/internal/monitor/monitor.go:251.2,252.43 2 1
github.com/yufei/chaxin/internal/monitor/monitor.go:253.3,254.1 1 1
github.com/yufei/chaxin/internal/monitor/monitor.go:255.2,255.44 1 1
github.com/yufei/chaxin/internal/monitor/monitor.go:256.3,257.37 2 1
github.com/yufei/chaxin/internal/monitor/monitor.go:258.4,258.15 1 1
github.com/yufei/chaxin/internal/monitor/monitor.go:259.5,260.1 1 1
github.com/yufei/chaxin/internal/monitor/monitor.go:263.2,263.18 1 1
github.com/yufei/chaxin/internal/monitor/monitor.go:267.2,268.1 1 1
github.com/yufei/chaxin/internal/monitor/monitor.go:271.2,274.1 4 1
github.com/yufei/chaxin/internal/monitor/monitor.go:276.2,277.53 4 1
github.com/yufei/chaxin/internal/monitor/monitor.go:278.3,279.1 1 1
github.com/yufei/chaxin/internal/monitor/monitor.go:280.2,280.26 1 1
github.com/yufei/chaxin/internal/monitor/monitor.go:281.3,281.56 1 1
github.com/yufei/chaxin/internal/monitor/monitor.go:282.4,283.1 1 1
github.com/yufei/chaxin/internal/monitor/monitor.go:284.9,284.56 1 1
github.com/yufei/chaxin/internal/monitor/monitor.go:285.3,286.1 1 1
github.com/yufei/chaxin/internal/monitor/monitor.go:287.2,287.23 1 1
github.com/yufei/chaxin/internal/monitor/monitor.go:288.3,289.1 1 1
github.com/yufei/chaxin/internal/monitor/monitor.go:291.2,300.1 3 1
github.com/yufei/chaxin/internal/monitor/monitor.go:302.2,303.42 3 1
github.com/yufei/chaxin/internal/monitor/monitor.go:304.3,304.18 1 1
github.com/yufei/chaxin/internal/monitor/monitor.go:305.4,307.1 2 0
github.com/yufei/chaxin/internal/monitor/monitor.go:308.3,308.55 1 1
github.com/yufei/chaxin/internal/monitor/monitor.go:309.4,309.9 1 1
github.com/yufei/chaxin/internal/monitor/monitor.go:312.2,312.20 1 1
github.com/yufei/chaxin/internal/monitor/monitor.go:313.3,316.1 3 0
github.com/yufei/chaxin/internal/monitor/monitor.go:317.2,317.56 1 1
github.com/yufei/chaxin/internal/monitor/monitor.go:318.3,319.1 1 0
github.com/yufei/chaxin/internal/monitor/monitor.go:325.2,325.73 1 1
github.com/yufei/chaxin/internal/monitor/monitor.go:326.3,327.1 1 1
github.com/yufei/chaxin/internal/monitor/monitor.go:328.2,334.1 5 1
github.com/yufei/chaxin/internal/monitor/monitor.go:335.2,338.16 5 1
github.com/yufei/chaxin/internal/monitor/monitor.go:339.3,341.1 2 0
github.com/yufei/chaxin/internal/monitor/monitor.go:342.2,342.40 1 1
github.com/yufei/chaxin/internal/monitor/monitor.go:343.3,344.1 1 0
github.com/yufei/chaxin/internal/monitor/monitor.go:345.2,345.17 1 1
github.com/yufei/chaxin/internal/monitor/monitor.go:356.2,357.13 2 1
github.com/yufei/chaxin/internal/monitor/monitor.go:358.3,359.1 1 1
github.com/yufei/chaxin/internal/monitor/monitor.go:360.2,361.35 2 1
github.com/yufei/chaxin/internal/monitor/monitor.go:362.3,363.1 1 1
github.com/yufei/chaxin/internal/monitor/monitor.go:364.2,365.1 3 1
github.com/yufei/chaxin/internal/monitor/monitor.go:366.2,367.52 3 1
github.com/yufei/chaxin/internal/monitor/monitor.go:368.3,368.21 1 1
github.com/yufei/chaxin/internal/monitor/monitor.go:369.4,370.9 2 0
github.com/yufei/chaxin/internal/monitor/monitor.go:373.2,373.16 1 1
github.com/yufei/chaxin/internal/monitor/monitor.go:374.3,375.1 1 0
github.com/yufei/chaxin/internal/monitor/monitor.go:376.2,376.81 1 1
github.com/yufei/chaxin/internal/monitor/monitor.go:380.2,381.27 2 1
github.com/yufei/chaxin/internal/monitor/monitor.go:382.3,383.1 1 1
github.com/yufei/chaxin/internal/monitor/monitor.go:384.2,385.35 2 1
github.com/yufei/chaxin/internal/monitor/monitor.go:386.3,387.1 1 1
github.com/yufei/chaxin/internal/monitor/monitor.go:388.2,388.10 1 1
github.com/yufei/chaxin/internal/web/handlers.go:19.2,22.1 3 1
github.com/yufei/chaxin/internal/web/handlers.go:25.2,26.1 1 1
github.com/yufei/chaxin/internal/web/handlers.go:29.2,32.1 3 1
github.com/yufei/chaxin/internal/web/handlers.go:35.2,39.1 1 1
github.com/yufei/chaxin/internal/web/handlers.go:42.2,43.16 2 1
github.com/yufei/chaxin/internal/web/handlers.go:44.3,46.1 2 0
github.com/yufei/chaxin/internal/web/handlers.go:47.2,47.33 1 1
github.com/yufei/chaxin/internal/web/handlers.go:51.2,52.43 2 1
github.com/yufei/chaxin/internal/web/handlers.go:53.3,55.1 2 1
github.com/yufei/chaxin/internal/web/handlers.go:56.2,56.49 1 1
github.com/yufei/chaxin/internal/web/handlers.go:57.3,59.1 2 0
github.com/yufei/chaxin/internal/web/handlers.go:62.2,63.26 2 1
github.com/yufei/chaxin/internal/web/handlers.go:64.3,67.17 4 1
github.com/yufei/chaxin/internal/web/handlers.go:68.4,69.18 2 1
github.com/yufei/chaxin/internal/web/handlers.go:70.5,72.1 2 1
github.com/yufei/chaxin/internal/web/handlers.go:73.5,74.1 1 1
github.com/yufei/chaxin/internal/web/handlers.go:76.4,78.1 2 0
github.com/yufei/chaxin/internal/web/handlers.go:81.2,84.4 1 1
github.com/yufei/chaxin/internal/web/handlers.go:88.2,89.16 2 1
github.com/yufei/chaxin/internal/web/handlers.go:90.3,92.1 2 0
github.com/yufei/chaxin/internal/web/handlers.go:93.2,93.26 1 1
github.com/yufei/chaxin/internal/web/handlers.go:94.3,96.1 2 0
github.com/yufei/chaxin/internal/web/handlers.go:98.2,99.37 2 1
github.com/yufei/chaxin/internal/web/handlers.go:100.3,103.1 3 1
github.com/yufei/chaxin/internal/web/handlers.go:104.2,106.1 4 1
github.com/yufei/chaxin/internal/web/handlers.go:107.2,108.1 4 1
github.com/yufei/chaxin/internal/web/handlers.go:109.2,109.63 4 1
github.com/yufei/chaxin/internal/web/handlers.go:113.2,115.19 3 1
github.com/yufei/chaxin/internal/web/handlers.go:116.3,118.1 2 0
github.com/yufei/chaxin/internal/web/handlers.go:119.2,119.38 1 1
github.com/yufei/chaxin/internal/web/handlers.go:124.2,126.1 4 1
github.com/yufei/chaxin/internal/web/handlers.go:127.2,128.16 4 1
github.com/yufei/chaxin/internal/web/handlers.go:129.3,131.1 2 0
github.com/yufei/chaxin/internal/web/handlers.go:133.2,135.109 3 1
github.com/yufei/chaxin/internal/web/handlers.go:136.3,137.27 2 1
github.com/yufei/chaxin/internal/web/handlers.go:138.4,148.18 3 1
github.com/yufei/chaxin/internal/web/handlers.go:149.5,150.1 1 0
github.com/yufei/chaxin/internal/web/handlers.go:151.4,151.15 1 1
github.com/yufei/chaxin/internal/web/handlers.go:153.5,153.12 1 1
github.com/yufei/chaxin/internal/web/handlers.go:155.5,155.14 1 0
github.com/yufei/chaxin/internal/web/handlers.go:157.5,157.14 1 0
github.com/yufei/chaxin/internal/web/handlers.go:160.3,161.20 2 1
github.com/yufei/chaxin/internal/web/handlers.go:162.4,165.27 4 1
github.com/yufei/chaxin/internal/web/handlers.go:166.5,167.1 1 0
github.com/yufei/chaxin/internal/web/handlers.go:168.4,171.29 4 1
github.com/yufei/chaxin/internal/web/handlers.go:173.3,174.13 2 1
github.com/yufei/chaxin/internal/web/handlers.go:177.2,177.16 1 1
github.com/yufei/chaxin/internal/web/handlers.go:178.3,180.1 2 0
github.com/yufei/chaxin/internal/web/handlers.go:183.2,184.16 2 1
github.com/yufei/chaxin/internal/web/handlers.go:185.3,187.1 2 0
github.com/yufei/chaxin/internal/web/handlers.go:188.2,188.49 1 1
github.com/yufei/chaxin/internal/web/handlers.go:192.2,194.19 3 1
github.com/yufei/chaxin/internal/web/handlers.go:195.3,196.1 1 0
github.com/yufei/chaxin/internal/web/handlers.go:197.2,197.18 1 1
github.com/yufei/chaxin/internal/web/handlers.go:198.3,200.1 2 1
github.com/yufei/chaxin/internal/web/handlers.go:201.2,201.26 1 1
github.com/yufei/chaxin/internal/web/handlers.go:202.3,203.1 1 1
github.com/yufei/chaxin/internal/web/handlers.go:204.2,204.24 1 1
github.com/yufei/chaxin/internal/web/handlers.go:208.2,211.1 2 1
github.com/yufei/chaxin/internal/web/handlers.go:212.2,212.43 2 1
github.com/yufei/chaxin/internal/web/handlers.go:213.3,215.1 2 1
github.com/yufei/chaxin/internal/web/handlers.go:216.2,216.25 1 1
github.com/yufei/chaxin/internal/web/handlers.go:217.3,219.1 2 1
github.com/yufei/chaxin/internal/web/handlers.go:220.2,220.22 1 1
github.com/yufei/chaxin/internal/web/handlers.go:221.3,223.1 2 1
github.com/yufei/chaxin/internal/web/handlers.go:224.2,225.16 2 1
github.com/yufei/chaxin/internal/web/handlers.go:226.3,228.1 2 0
github.com/yufei/chaxin/internal/web/handlers.go:229.2,229.93 1 1
github.com/yufei/chaxin/internal/web/handlers.go:233.2,237.1 3 1
github.com/yufei/chaxin/internal/web/handlers.go:238.2,238.28 3 1
github.com/yufei/chaxin/internal/web/handlers.go:240.3,241.19 2 1
github.com/yufei/chaxin/internal/web/handlers.go:243.3,244.19 2 0
github.com/yufei/chaxin/internal/web/handlers.go:246.2,247.16 2 1
github.com/yufei/chaxin/internal/web/handlers.go:248.3,250.1 2 0
github.com/yufei/chaxin/internal/web/handlers.go:251.2,251.18 1 1
github.com/yufei/chaxin/internal/web/handlers.go:252.3,253.1 1 0
github.com/yufei/chaxin/internal/web/handlers.go:254.2,254.36 1 1
github.com/yufei/chaxin/internal/web/handlers.go:258.2,260.1 2 1
github.com/yufei/chaxin/internal/web/handlers.go:261.2,261.43 2 1
github.com/yufei/chaxin/internal/web/handlers.go:262.3,264.1 2 1
github.com/yufei/chaxin/internal/web/handlers.go:265.2,267.57 3 1
github.com/yufei/chaxin/internal/web/handlers.go:268.3,270.1 2 1
github.com/yufei/chaxin/internal/web/handlers.go:271.2,271.64 1 1
github.com/yufei/chaxin/internal/web/handlers.go:272.3,274.1 2 0
github.com/yufei/chaxin/internal/web/handlers.go:274.9,274.19 1 1
github.com/yufei/chaxin/internal/web/handlers.go:275.3,277.1 2 1
github.com/yufei/chaxin/internal/web/handlers.go:279.2,281.16 3 1
github.com/yufei/chaxin/internal/web/handlers.go:282.3,284.1 2 0
github.com/yufei/chaxin/internal/web/handlers.go:285.2,287.1 4 1
github.com/yufei/chaxin/internal/web/handlers.go:288.2,289.16 4 1
github.com/yufei/chaxin/internal/web/handlers.go:290.3,292.1 2 1
github.com/yufei/chaxin/internal/web/handlers.go:293.2,294.16 2 1
github.com/yufei/chaxin/internal/web/handlers.go:295.3,297.1 2 0
github.com/yufei/chaxin/internal/web/handlers.go:298.2,300.13 3 1
github.com/yufei/chaxin/internal/web/handlers.go:301.3,303.1 2 1
github.com/yufei/chaxin/internal/web/handlers.go:304.2,312.33 1 1
github.com/yufei/chaxin/internal/web/handlers.go:313.3,315.1 2 0
github.com/yufei/chaxin/internal/web/handlers.go:316.2,316.81 1 1
github.com/yufei/chaxin/internal/web/handlers.go:320.2,321.16 2 1
github.com/yufei/chaxin/internal/web/handlers.go:322.3,324.1 2 1
github.com/yufei/chaxin/internal/web/handlers.go:325.2,328.1 2 1
github.com/yufei/chaxin/internal/web/handlers.go:329.2,329.43 2 1
github.com/yufei/chaxin/internal/web/handlers.go:330.3,332.1 2 1
github.com/yufei/chaxin/internal/web/handlers.go:333.2,333.52 1 1
github.com/yufei/chaxin/internal/web/handlers.go:334.3,336.1 2 0
github.com/yufei/chaxin/internal/web/handlers.go:337.2,337.51 1 1
github.com/yufei/chaxin/internal/web/handlers.go:338.3,340.1 2 1
github.com/yufei/chaxin/internal/web/handlers.go:341.2,341.25 1 1
github.com/yufei/chaxin/internal/web/handlers.go:342.3,342.69 1 1
github.com/yufei/chaxin/internal/web/handlers.go:343.4,345.1 2 0
github.com/yufei/chaxin/internal/web/handlers.go:347.2,347.29 1 1
github.com/yufei/chaxin/internal/web/handlers.go:348.3,348.77 1 1
github.com/yufei/chaxin/internal/web/handlers.go:349.4,351.1 2 0
github.com/yufei/chaxin/internal/web/handlers.go:353.2,353.108 1 1
github.com/yufei/chaxin/internal/web/handlers.go:357.2,358.16 2 1
github.com/yufei/chaxin/internal/web/handlers.go:359.3,361.1 2 1
github.com/yufei/chaxin/internal/web/handlers.go:362.2,363.16 2 1
github.com/yufei/chaxin/internal/web/handlers.go:364.3,366.1 2 1
github.com/yufei/chaxin/internal/web/handlers.go:369.2,370.16 2 1
github.com/yufei/chaxin/internal/web/handlers.go:371.3,373.1 2 0
github.com/yufei/chaxin/internal/web/handlers.go:374.2,375.21 2 1
github.com/yufei/chaxin/internal/web/handlers.go:376.3,378.1 2 1
github.com/yufei/chaxin/internal/web/handlers.go:379.2,379.26 1 1
github.com/yufei/chaxin/internal/web/handlers.go:380.3,381.17 2 1
github.com/yufei/chaxin/internal/web/handlers.go:382.4,384.1 2 0
github.com/yufei/chaxin/internal/web/handlers.go:385.3,387.64 3 1
github.com/yufei/chaxin/internal/web/handlers.go:388.4,390.1 2 1
github.com/yufei/chaxin/internal/web/handlers.go:392.2,392.47 1 1
github.com/yufei/chaxin/internal/web/handlers.go:393.3,395.1 2 0
github.com/yufei/chaxin/internal/web/handlers.go:396.2,396.37 1 1
github.com/yufei/chaxin/internal/web/handlers.go:407.2,409.34 3 1
github.com/yufei/chaxin/internal/web/handlers.go:410.3,410.44 1 1
github.com/yufei/chaxin/internal/web/handlers.go:411.4,412.1 1 1
github.com/yufei/chaxin/internal/web/handlers.go:414.2,416.16 3 1
github.com/yufei/chaxin/internal/web/handlers.go:417.3,419.1 2 0
github.com/yufei/chaxin/internal/web/handlers.go:420.2,421.27 2 1
github.com/yufei/chaxin/internal/web/handlers.go:422.3,427.1 1 1
github.com/yufei/chaxin/internal/web/handlers.go:428.2,428.36 1 1
github.com/yufei/chaxin/internal/web/handlers.go:433.2,434.16 2 1
github.com/yufei/chaxin/internal/web/handlers.go:435.3,437.1 2 0
github.com/yufei/chaxin/internal/web/handlers.go:438.2,439.16 2 1
github.com/yufei/chaxin/internal/web/handlers.go:440.3,442.1 2 0
github.com/yufei/chaxin/internal/web/handlers.go:443.2,444.23 2 1
github.com/yufei/chaxin/internal/web/handlers.go:445.3,445.24 1 1
github.com/yufei/chaxin/internal/web/handlers.go:446.4,447.9 2 1
github.com/yufei/chaxin/internal/web/handlers.go:450.2,450.19 1 1
github.com/yufei/chaxin/internal/web/handlers.go:451.3,453.1 2 1
github.com/yufei/chaxin/internal/web/handlers.go:454.2,454.29 1 1
github.com/yufei/chaxin/internal/web/handlers.go:455.3,457.1 2 1
github.com/yufei/chaxin/internal/web/handlers.go:459.2,460.16 2 1
github.com/yufei/chaxin/internal/web/handlers.go:461.3,463.1 2 0
github.com/yufei/chaxin/internal/web/handlers.go:464.2,464.26 1 1
github.com/yufei/chaxin/internal/web/handlers.go:465.3,467.1 2 1
github.com/yufei/chaxin/internal/web/handlers.go:468.2,469.16 2 1
github.com/yufei/chaxin/internal/web/handlers.go:470.3,472.1 2 0
github.com/yufei/chaxin/internal/web/handlers.go:473.2,475.1 4 1
github.com/yufei/chaxin/internal/web/handlers.go:476.2,477.16 4 1
github.com/yufei/chaxin/internal/web/handlers.go:478.3,479.1 1 1
github.com/yufei/chaxin/internal/web/handlers.go:480.2,480.16 1 1
github.com/yufei/chaxin/internal/web/handlers.go:481.3,482.1 1 0
github.com/yufei/chaxin/internal/web/handlers.go:483.2,483.43 1 1
github.com/yufei/chaxin/internal/web/handlers.go:484.3,486.1 2 0
github.com/yufei/chaxin/internal/web/handlers.go:487.2,487.57 1 1
github.com/yufei/chaxin/internal/web/handlers.go:488.3,490.1 2 0
github.com/yufei/chaxin/internal/web/handlers.go:491.2,491.66 1 1
github.com/yufei/chaxin/internal/web/handlers.go:495.2,498.1 3 1
github.com/yufei/chaxin/internal/web/handlers.go:499.2,500.20 3 1
github.com/yufei/chaxin/internal/web/handlers.go:501.3,502.1 1 1
github.com/yufei/chaxin/internal/web/handlers.go:503.2,503.22 1 1
github.com/yufei/chaxin/internal/web/handlers.go:504.3,505.1 1 1
github.com/yufei/chaxin/internal/web/handlers.go:507.2,508.16 2 1
github.com/yufei/chaxin/internal/web/handlers.go:509.3,511.1 2 0
github.com/yufei/chaxin/internal/web/handlers.go:512.2,512.26 1 1
github.com/yufei/chaxin/internal/web/handlers.go:513.3,515.1 2 1
github.com/yufei/chaxin/internal/web/handlers.go:516.2,517.16 2 1
github.com/yufei/chaxin/internal/web/handlers.go:518.3,520.1 2 0
github.com/yufei/chaxin/internal/web/handlers.go:521.2,521.53 1 1
github.com/yufei/chaxin/internal/web/handlers.go:522.3,524.1 2 0
github.com/yufei/chaxin/internal/web/handlers.go:525.2,525.66 1 1
github.com/yufei/chaxin/internal/web/handlers.go:530.2,534.1 2 1
github.com/yufei/chaxin/internal/web/handlers.go:535.2,535.43 2 1
github.com/yufei/chaxin/internal/web/handlers.go:536.3,538.1 2 1
github.com/yufei/chaxin/internal/web/handlers.go:539.2,539.38 1 1
github.com/yufei/chaxin/internal/web/handlers.go:540.3,542.1 2 1
github.com/yufei/chaxin/internal/web/handlers.go:544.2,545.16 2 1
github.com/yufei/chaxin/internal/web/handlers.go:546.3,548.1 2 0
github.com/yufei/chaxin/internal/web/handlers.go:549.2,550.18 2 1
github.com/yufei/chaxin/internal/web/handlers.go:551.3,552.1 1 0
github.com/yufei/chaxin/internal/web/handlers.go:553.2,553.37 1 1
github.com/yufei/chaxin/internal/web/handlers.go:554.3,556.1 2 1
github.com/yufei/chaxin/internal/web/handlers.go:557.2,558.18 2 1
github.com/yufei/chaxin/internal/web/handlers.go:559.3,560.1 1 1
github.com/yufei/chaxin/internal/web/handlers.go:562.2,568.1 5 1
github.com/yufei/chaxin/internal/web/handlers.go:569.2,572.16 5 1
github.com/yufei/chaxin/internal/web/handlers.go:573.3,575.1 2 1
github.com/yufei/chaxin/internal/web/handlers.go:576.2,581.4 1 0
github.com/yufei/chaxin/internal/web/handlers.go:585.2,587.48 3 1
github.com/yufei/chaxin/internal/web/handlers.go:588.3,590.1 2 0
github.com/yufei/chaxin/internal/web/handlers.go:591.2,591.66 1 1
github.com/yufei/chaxin/internal/web/handlers.go:602.2,603.16 2 1
github.com/yufei/chaxin/internal/web/handlers.go:604.3,606.1 2 0
github.com/yufei/chaxin/internal/web/handlers.go:607.2,608.16 2 1
github.com/yufei/chaxin/internal/web/handlers.go:609.3,611.1 2 0
github.com/yufei/chaxin/internal/web/handlers.go:612.2,612.18 1 1
github.com/yufei/chaxin/internal/web/handlers.go:613.3,614.1 1 0
github.com/yufei/chaxin/internal/web/handlers.go:615.2,615.77 1 1
github.com/yufei/chaxin/internal/web/handlers.go:619.2,620.43 2 1
github.com/yufei/chaxin/internal/web/handlers.go:621.3,623.1 2 1
github.com/yufei/chaxin/internal/web/handlers.go:624.2,624.20 1 1
github.com/yufei/chaxin/internal/web/handlers.go:625.3,627.1 2 1
github.com/yufei/chaxin/internal/web/handlers.go:628.2,628.63 1 1
github.com/yufei/chaxin/internal/web/handlers.go:629.3,631.1 2 0
github.com/yufei/chaxin/internal/web/handlers.go:632.2,632.70 1 1
github.com/yufei/chaxin/internal/web/rss.go:44.2,45.16 2 1
github.com/yufei/chaxin/internal/web/rss.go:46.3,48.1 2 0
github.com/yufei/chaxin/internal/web/rss.go:51.2,52.29 2 1
github.com/yufei/chaxin/internal/web/rss.go:53.3,53.46 1 1
github.com/yufei/chaxin/internal/web/rss.go:54.4,54.12 1 1
github.com/yufei/chaxin/internal/web/rss.go:56.3,58.17 3 1
github.com/yufei/chaxin/internal/web/rss.go:59.4,60.1 1 0
github.com/yufei/chaxin/internal/web/rss.go:61.3,62.17 2 1
github.com/yufei/chaxin/internal/web/rss.go:63.4,64.1 1 0
github.com/yufei/chaxin/internal/web/rss.go:65.3,70.1 2 1
github.com/yufei/chaxin/internal/web/rss.go:71.3,71.37 2 1
github.com/yufei/chaxin/internal/web/rss.go:72.4,73.1 1 1
github.com/yufei/chaxin/internal/web/rss.go:74.3,74.30 1 1
github.com/yufei/chaxin/internal/web/rss.go:78.2,78.46 1 1
github.com/yufei/chaxin/internal/web/rss.go:79.3,80.1 1 1
github.com/yufei/chaxin/internal/web/rss.go:83.2,84.1 8 1
github.com/yufei/chaxin/internal/web/rss.go:85.2,94.1 8 1
github.com/yufei/chaxin/internal/web/rss.go:96.2,101.21 8 1
github.com/yufei/chaxin/internal/web/rss.go:106.2,107.83 2 1
github.com/yufei/chaxin/internal/web/rss.go:108.3,109.1 1 0
github.com/yufei/chaxin/internal/web/rss.go:110.2,111.16 2 1
github.com/yufei/chaxin/internal/web/rss.go:112.3,113.1 1 0
github.com/yufei/chaxin/internal/web/rss.go:114.2,114.30 1 1
github.com/yufei/chaxin/internal/web/rss.go:127.2,128.16 2 1
github.com/yufei/chaxin/internal/web/rss.go:129.3,130.1 1 1
github.com/yufei/chaxin/internal/web/rss.go:131.2,132.55 2 1
github.com/yufei/chaxin/internal/web/rss.go:133.3,134.1 1 0
github.com/yufei/chaxin/internal/web/rss.go:135.2,135.59 1 1
github.com/yufei/chaxin/internal/web/rss.go:140.2,141.16 2 1
github.com/yufei/chaxin/internal/web/rss.go:142.3,143.1 1 1
github.com/yufei/chaxin/internal/web/rss.go:144.2,146.26 3 1
github.com/yufei/chaxin/internal/web/rss.go:147.3,148.1 3 1
github.com/yufei/chaxin/internal/web/rss.go:149.3,150.45 3 1
github.com/yufei/chaxin/internal/web/rss.go:151.4,151.22 1 1
github.com/yufei/chaxin/internal/web/rss.go:152.5,153.10 2 0
github.com/yufei/chaxin/internal/web/rss.go:156.3,156.17 1 1
github.com/yufei/chaxin/internal/web/rss.go:157.4,158.1 1 0
github.com/yufei/chaxin/internal/web/rss.go:159.3,159.90 1 1
github.com/yufei/chaxin/internal/web/rss.go:161.2,162.55 2 1
github.com/yufei/chaxin/internal/web/rss.go:163.3,164.1 1 0
github.com/yufei/chaxin/internal/web/rss.go:165.2,165.21 1 1
github.com/yufei/chaxin/internal/web/server.go:40.2,45.1 3 1
github.com/yufei/chaxin/internal/web/server.go:46.2,48.1 3 1
github.com/yufei/chaxin/internal/web/server.go:51.2,72.1 21 1
github.com/yufei/chaxin/internal/web/server.go:75.2,80.1 4 1
github.com/yufei/chaxin/internal/web/server.go:83.2,83.68 1 1
github.com/yufei/chaxin/internal/web/server.go:84.3,86.1 2 1
github.com/yufei/chaxin/internal/web/server.go:87.2,88.16 2 1
github.com/yufei/chaxin/internal/web/server.go:89.3,91.1 2 0
github.com/yufei/chaxin/internal/web/server.go:92.2,94.17 3 1
github.com/yufei/chaxin/internal/web/server.go:95.3,95.44 1 1
github.com/yufei/chaxin/internal/web/server.go:97.4,101.1 4 1
github.com/yufei/chaxin/internal/web/server.go:103.2,103.22 1 1
github.com/yufei/chaxin/internal/web/server.go:112.2,114.1 2 1
